academic
accessible
accomplish
accordance
acquisition
acre
adjacent
aggression
agricultural
aide
allegation
allocate
amateur
ambulance
analyst
ancestor
annually
apology
appreciation
assault
assembly
assistance
assumption
attachment
attorney
awkward
backdrop
across
ballot
banner
bargain
barrel
basket
bass
beam
bench
beneficial
beneficiary
betray
bid
bind
biography
bishop
bizarre
blast
bold
boundary
bow
brick
broadcaster
browser
buck
buffer
bulk
bureaucracy
burial
burst
carriage
carve
casino
casual
catalogue
cattle
caution
cease
certainty
challenging
chamber
characterize
cheek
choir
chop
chronic
circuit
civic
clerk
cling
cluster
coalition
coastal
coincide
coincidence
collaborate
collector
colourful
columnist
comic
commence
commentary
commentator
commerce
comparable
comparative
compassion
compensation
competence
competent
complement
completion
compliance
complication
composition
comprehensive
compromise
compulsory
conceal
concede
conceive
confer
configuration
confirmation
congratulate
congressional
conscience
consciousness
consensus
consequently
conservation
consistency
conspiracy
constituency
constraint
consult
consumption
contemplate
contend
content
continually
contradiction
contrary
controversial
controversy
convenience
conventional
convict
cooperate
cooperative
coordinate
cop
copper
corporation
correlate
correspond
correspondence
correspondent
corridor
corrupt
corruption
costly
councillor
counselling
counsellor
countless
coup
courtesy
creator
critically
critique
crown
cruise
crush
crystal
cue
cult
cultivate
curriculum
custody
cynical
dam
dare
dawn
debris
debut
decision-making
decisive
deck
declaration
default
defect
deficiency
deficit
defy
delegate
delegation
delicate
democratic
demon
demonstration
denial
denounce
dense
density
deploy
depression
deprive
deputy
descend
descent
designate
desperately
destruction
destructive
detention
deteriorate
devastate
devil
devote
diagnose
diagnosis
dictate
differ
differentiate
dilemma
diplomat
directory
disastrous
discard
discharge
disclose
disclosure
discourage
discourse
discretion
discrimination
dissolve
distant
distinguish
distort
distress
divorce
doctrine
dominance
donor
drought
dual
dub
dull
dump
duo
echo
editorial
elaborate
electoral
elegant
elevate
scenario
scene
eligible
elite
embarrassment
embassy
empire
empirical
enact
encompass
endeavour
endless
endorse
endorsement
endure
enforce
enrol
enthusiast
envelope
epidemic
equation
equip
equivalent
erect
escalate
essence
evolutionary
exaggerate
exceed
excellence
exception
excessive
execute
exert
exile
exit
exotic
expenditure
explicit
exposure
extension
extensively
extract
fabulous
facilitate
fairness
fantasy
fare
favourable
feat
feminist
fever
fibre
fierce
film-maker
firefighter
firmly
fit
fixture
flaw
flawed
flesh
flourish
fluid
fond
fool
forbid
foreigner
formerly
formula
forth
forthcoming
foundation
founder
fragile
franchise
frankly
fraud
fulfil
full-time
fundamentally
fundraising
furious
gallon
gear
genius
genocide
gesture
gig
glance
glimpse
globe
glorious
golden
gorgeous
governance
governor
graphic
grave
grid
grin
grip
guerrilla
guideline
guilt
hail
halt
harassment
hatred
haunt
hazard
headquarters
heighten
hence
heritage
hidden
hierarchy
high-profile
hilarious
hint
hip
hook
horizon
horn
hostage
hostile
hostility
humanitarian
hydrogen
hypothesis
ideological
ideology
imagery
immigration
imminent
immune
imprison
inability
inadequate
inappropriate
incentive
incorporate
incur
indictment
induce
indulge
inevitable
infamous
infant
infect
inflict
influential
info
infrastructure
inherent
inherit
inhibit
initiate
injustice
installation
instruct
insult
integral
integrate
intellectual
intensity
intensive
interference
interim
intervene
intimate
intriguing
irrelevant
junction
jurisdiction
jury
kingdom
kit
lad
ladder
laser
latter
leaflet
leak
leap
legacy
legislation
legitimate
lengthy
lesser
lethal
aids
accusation
acid
acute
addiction
administer
admission
adolescent
advocate
aesthetic
affordable
allegedly
allowance
aluminum
ambassador
anchor
anonymous
apparatus
apparel
appetite
applaud
applicable
appoint
appropriately
arbitrary
architectural
articulate
assassination
assign
astonishing
asylum
athletic
atrocity
attendance
attribute
authorize
auto
autonomy
balloon
bankruptcy
bare
behavioral
bound
breakthrough
briefly
cabin
canal
capitalist
castle
catalog
cemetery
collision
combat
commissioner
compelling
complexity
compute
concession
condemn
congregation
conquer
consecutive
consent
consensus
considerably
comtemplate
contender
contention
contributor
coordinator
correction
corresponding
councilor
counseling
counselor
counterpart
damaging
database
dedicated
delighted
dependent
divise
dime
diminish
diplomatic
disastrous
dismissal
displace
dispute
privilege
disruption
discretion
divert
intonation
divine
drown
dumb
dynamic
ease
economist
dainty
educator
emergence
endeavor
ensue
enterprise
entrepreneur
evacuate
experimental
expire
explicitly
exploit
extremist
failed
fame
fatal
favorable